// Jest Snapshot v1, https://goo.gl/fbAQLP

exports[`render should render SliderView correctly 1`] = `
<Slider
  className=""
  domain={
    [
      0,
      0,
    ]
  }
  mode={2}
  onUpdate={[Function]}
  rootStyle={
    {
      "flexBasis": "calc(100% - 20px)",
      "height": "45px",
      "marginLeft": "10px",
      "marginRight": "10px",
      "position": "relative",
    }
  }
  step={1}
  values={
    [
      0,
      0,
    ]
  }
>
  <Rail>
    <Component />
  </Rail>
  <Handles>
    <Component />
  </Handles>
  <Tracks
    left={false}
    right={false}
  >
    <Component />
  </Tracks>
</Slider>
`;
